MPLINK 5.07, LINKER
Linker Map File - Created Tue Oct 30 21:26:53 2018

                                 Section Info
                  Section       Type    Address   Location Size(Bytes)
                ---------  ---------  ---------  ---------  ---------
                   .org_0       code   0x000000    program   0x000002
                   .cinit    romdata   0x000001    program   0x000004
                   .org_1       code   0x000004    program   0x00006e
.config_2007_BUILD/DEFAULT/PRODUCTION/ALARMED       code   0x002007    program   0x000002



                              Program Memory Usage 
                               Start         End      
                           ---------   ---------      
                            0x000000    0x000002      
                            0x000004    0x00003a      
                            0x002007    0x002007      
            59 out of 8454 program addresses used, program memory utilization is 0%



                              Symbols - Sorted by Name
                     Name    Address   Location    Storage File                     
                ---------  ---------  ---------  --------- ---------                
                   inicio   0x000005    program     static G:\Arquivos\André µControlador\Alarme.X\Alarmedefinitivo.asm
                    loop2   0x000038    program     static G:\Arquivos\André µControlador\Alarme.X\Alarmedefinitivo.asm
                    start   0x00001a    program     static G:\Arquivos\André µControlador\Alarme.X\Alarmedefinitivo.asm
                    tempo   0x000035    program     static G:\Arquivos\André µControlador\Alarme.X\Alarmedefinitivo.asm



                              Symbols - Sorted by Address
                     Name    Address   Location    Storage File                     
                ---------  ---------  ---------  --------- ---------                
                   inicio   0x000005    program     static G:\Arquivos\André µControlador\Alarme.X\Alarmedefinitivo.asm
                    start   0x00001a    program     static G:\Arquivos\André µControlador\Alarme.X\Alarmedefinitivo.asm
                    tempo   0x000035    program     static G:\Arquivos\André µControlador\Alarme.X\Alarmedefinitivo.asm
                    loop2   0x000038    program     static G:\Arquivos\André µControlador\Alarme.X\Alarmedefinitivo.asm


